import UserRegistrationForm from "./UserRegistrationForm";

export default function App() {
  return <UserRegistrationForm />;
}
